// Jest Snapshot v1, https://goo.gl/fbAQLP

exports[`Pruebas de categoria add pruebas de snapshot 1`] = `
<form
  onSubmit={[Function]}
>
  <p />
  <input
    className="input-categoria"
    id="categoria"
    name="categoria"
    onChange={[Function]}
    type="text"
    value=""
  />
</form>
`;
